V3 3
FL $XILINX/encoder_priority/encoder_priority.vhd 2024/05/19.18:01:20 I.24
EN work/Encoder_ALU_Priority 1716138341 FL $XILINX/encoder_priority/encoder_priority.vhd \
      PB ieee/std_logic_1164 1131108373 PB ieee/std_logic_arith 1131108375 \
      PB ieee/STD_LOGIC_UNSIGNED 1131108379
AR work/Encoder_ALU_Priority/Behavioral 1716138342 \
      FL $XILINX/encoder_priority/encoder_priority.vhd \
      EN work/Encoder_ALU_Priority 1716138341
